
> afiliados_netbox@0.1.0 dev
> next dev -p 3002

▲ Next.js 16.2.4 (Turbopack)
- Local:         http://localhost:3002
- Network:       http://172.21.32.1:3002
- Environments: .env.local
✓ Ready in 716ms
Creating turbopack project {
  dir: 'D:\\programas\\Projetos de programação\\Afiliados Netbox\\afiliados_netbox',
  testMode: true
}

○ Compiling / ...
 GET / 200 in 15.0s (next.js: 14.1s, application-code: 920ms)
○ Compiling /express ...
 GET /express?ref=teste123 200 in 30.6s (next.js: 30.0s, application-code: 603ms)
✓ Finished filesystem cache database compaction in 11.4s
 GET /express?ref=teste123 200 in 66ms (next.js: 6ms, application-code: 60ms)
 GET /express?ref=teste123 200 in 418ms (next.js: 5ms, application-code: 414ms)
 GET /dashboard 200 in 447ms (next.js: 249ms, application-code: 198ms)
 GET /login 200 in 377ms (next.js: 236ms, application-code: 141ms)
 GET /usuarios 404 in 242ms (next.js: 175ms, application-code: 67ms)
 GET /login 200 in 38ms (next.js: 9ms, application-code: 29ms)
 GET /dashboard 200 in 27ms (next.js: 5ms, application-code: 22ms)
 GET /links 200 in 209ms (next.js: 172ms, application-code: 37ms)
 GET /afiliado 200 in 214ms (next.js: 178ms, application-code: 36ms)
 GET /criar-campanha 200 in 227ms (next.js: 173ms, application-code: 54ms)
 GET /campanhas 200 in 160ms (next.js: 134ms, application-code: 25ms)
 GET /dashboard 200 in 22ms (next.js: 4ms, application-code: 18ms)
 GET /relatorios 200 in 168ms (next.js: 111ms, application-code: 57ms)
 GET /relatorios 200 in 27ms (next.js: 5ms, application-code: 23ms)
 GET /configuracoes 200 in 202ms (next.js: 168ms, application-code: 34ms)
 GET /relatorios 200 in 22ms (next.js: 4ms, application-code: 18ms)
 GET /express?ref=teste123 200 in 121ms (next.js: 13ms, application-code: 109ms)
✓ Compiled in 343ms
 GET /relatorios 200 in 153ms (next.js: 114ms, application-code: 39ms)
✓ Compiled in 1031ms
 GET /relatorios 500 in 1816ms (next.js: 1121ms, application-code: 694ms)
 GET /relatorios 500 in 53ms (next.js: 19ms, application-code: 34ms)
 GET /relatorios 500 in 55ms (next.js: 21ms, application-code: 35ms)
 GET /relatorios 500 in 57ms (next.js: 31ms, application-code: 26ms)
 GET /relatorios 200 in 1430ms (next.js: 200ms, application-code: 1229ms)
 GET /relatorios 200 in 120ms (next.js: 69ms, application-code: 51ms)
 GET /relatorios 200 in 100ms (next.js: 63ms, application-code: 37ms)
 GET /links 200 in 185ms (next.js: 151ms, application-code: 34ms)
 GET /afiliado 200 in 154ms (next.js: 119ms, application-code: 34ms)
 GET /criar-campanha 200 in 187ms (next.js: 134ms, application-code: 53ms)
 GET /dashboard 200 in 167ms (next.js: 127ms, application-code: 40ms)
 GET /relatorios 200 in 26ms (next.js: 7ms, application-code: 19ms)
[?25h
